2025-07-03 13:03:10.274 - |INFO| - [modbus_connector.py] - modbus_connector - __init__ - 99 - Starting Modbus Connector...
2025-07-03 13:03:13.673 - |ERROR| - [modbus_connector.py] - modbus_connector - __poll_device - 265 - Failed to poll MAU 1 device: [WinError 1225] The remote computer refused the network connection
2025-07-03 13:03:18.642 - |ERROR| - [modbus_connector.py] - modbus_connector - __poll_device - 265 - Failed to poll MAU 1 device: [WinError 1225] The remote computer refused the network connection
2025-07-03 13:03:23.725 - |ERROR| - [modbus_connector.py] - modbus_connector - __poll_device - 265 - Failed to poll MAU 1 device: [WinError 1225] The remote computer refused the network connection
2025-07-03 13:03:28.767 - |ERROR| - [modbus_connector.py] - modbus_connector - __poll_device - 265 - Failed to poll MAU 1 device: [WinError 1225] The remote computer refused the network connection
2025-07-03 13:03:33.727 - |ERROR| - [modbus_connector.py] - modbus_connector - __poll_device - 265 - Failed to poll MAU 1 device: [WinError 1225] The remote computer refused the network connection
2025-07-03 13:03:35.333 - |ERROR| - [modbus_connector.py] - modbus_connector - __poll_device - 254 - Device MAU 1 is not connected, cannot connect to server, skipping reading...
2025-07-03 13:03:40.355 - |ERROR| - [modbus_connector.py] - modbus_connector - __poll_device - 254 - Device MAU 1 is not connected, cannot connect to server, skipping reading...
2025-07-03 13:03:45.386 - |ERROR| - [modbus_connector.py] - modbus_connector - __poll_device - 254 - Device MAU 1 is not connected, cannot connect to server, skipping reading...
2025-07-03 13:03:50.422 - |ERROR| - [modbus_connector.py] - modbus_connector - __poll_device - 254 - Device MAU 1 is not connected, cannot connect to server, skipping reading...
2025-07-03 13:03:55.443 - |ERROR| - [modbus_connector.py] - modbus_connector - __poll_device - 254 - Device MAU 1 is not connected, cannot connect to server, skipping reading...
2025-07-03 13:04:00.356 - |ERROR| - [modbus_connector.py] - modbus_connector - __poll_device - 254 - Device MAU 1 is not connected, cannot connect to server, skipping reading...
2025-07-03 13:04:05.370 - |ERROR| - [modbus_connector.py] - modbus_connector - __poll_device - 254 - Device MAU 1 is not connected, cannot connect to server, skipping reading...
2025-07-03 13:04:10.399 - |ERROR| - [modbus_connector.py] - modbus_connector - __poll_device - 254 - Device MAU 1 is not connected, cannot connect to server, skipping reading...
2025-07-03 13:04:15.404 - |ERROR| - [modbus_connector.py] - modbus_connector - __poll_device - 254 - Device MAU 1 is not connected, cannot connect to server, skipping reading...
2025-07-03 13:04:20.428 - |ERROR| - [modbus_connector.py] - modbus_connector - __poll_device - 254 - Device MAU 1 is not connected, cannot connect to server, skipping reading...
2025-07-03 13:04:25.434 - |ERROR| - [modbus_connector.py] - modbus_connector - __poll_device - 254 - Device MAU 1 is not connected, cannot connect to server, skipping reading...
2025-07-03 13:04:30.451 - |ERROR| - [modbus_connector.py] - modbus_connector - __poll_device - 254 - Device MAU 1 is not connected, cannot connect to server, skipping reading...
2025-07-03 13:04:35.475 - |ERROR| - [modbus_connector.py] - modbus_connector - __poll_device - 254 - Device MAU 1 is not connected, cannot connect to server, skipping reading...
2025-07-03 13:04:40.488 - |ERROR| - [modbus_connector.py] - modbus_connector - __poll_device - 254 - Device MAU 1 is not connected, cannot connect to server, skipping reading...
2025-07-03 13:04:45.518 - |ERROR| - [modbus_connector.py] - modbus_connector - __poll_device - 254 - Device MAU 1 is not connected, cannot connect to server, skipping reading...
2025-07-03 13:04:50.433 - |ERROR| - [modbus_connector.py] - modbus_connector - __poll_device - 254 - Device MAU 1 is not connected, cannot connect to server, skipping reading...
2025-07-03 13:04:55.457 - |ERROR| - [modbus_connector.py] - modbus_connector - __poll_device - 254 - Device MAU 1 is not connected, cannot connect to server, skipping reading...
2025-07-03 13:05:00.483 - |ERROR| - [modbus_connector.py] - modbus_connector - __poll_device - 254 - Device MAU 1 is not connected, cannot connect to server, skipping reading...
2025-07-03 13:05:05.498 - |ERROR| - [modbus_connector.py] - modbus_connector - __poll_device - 254 - Device MAU 1 is not connected, cannot connect to server, skipping reading...
2025-07-03 13:05:10.524 - |ERROR| - [modbus_connector.py] - modbus_connector - __poll_device - 254 - Device MAU 1 is not connected, cannot connect to server, skipping reading...
2025-07-03 13:05:13.013 - |INFO| - [modbus_connector.py] - modbus_connector - close - 138 - Modbus Connector has been stopped
2025-07-03 13:05:13.025 - |INFO| - [modbus_connector.py] - modbus_connector - __init__ - 99 - Starting Modbus Connector...
2025-07-03 13:05:16.346 - |ERROR| - [modbus_connector.py] - modbus_connector - __poll_device - 265 - Failed to poll MAU 1 device: [WinError 1225] The remote computer refused the network connection
2025-07-03 13:05:21.415 - |ERROR| - [modbus_connector.py] - modbus_connector - __poll_device - 265 - Failed to poll MAU 1 device: [WinError 1225] The remote computer refused the network connection
2025-07-03 13:05:26.471 - |ERROR| - [modbus_connector.py] - modbus_connector - __poll_device - 265 - Failed to poll MAU 1 device: [WinError 1225] The remote computer refused the network connection
2025-07-03 13:05:31.557 - |ERROR| - [modbus_connector.py] - modbus_connector - __poll_device - 265 - Failed to poll MAU 1 device: [WinError 1225] The remote computer refused the network connection
2025-07-03 13:05:33.113 - |ERROR| - [modbus_connector.py] - modbus_connector - __poll_device - 254 - Device MAU 1 is not connected, cannot connect to server, skipping reading...
2025-07-03 13:05:41.479 - |ERROR| - [modbus_connector.py] - modbus_connector - __poll_device - 265 - Failed to poll MAU 1 device: [WinError 1225] The remote computer refused the network connection
2025-07-03 13:05:43.098 - |ERROR| - [modbus_connector.py] - modbus_connector - __poll_device - 254 - Device MAU 1 is not connected, cannot connect to server, skipping reading...
2025-07-03 13:05:48.145 - |ERROR| - [modbus_connector.py] - modbus_connector - __poll_device - 254 - Device MAU 1 is not connected, cannot connect to server, skipping reading...
2025-07-03 13:05:53.172 - |ERROR| - [modbus_connector.py] - modbus_connector - __poll_device - 254 - Device MAU 1 is not connected, cannot connect to server, skipping reading...
2025-07-03 13:05:58.161 - |ERROR| - [modbus_connector.py] - modbus_connector - __poll_device - 254 - Device MAU 1 is not connected, cannot connect to server, skipping reading...
2025-07-03 13:06:03.140 - |ERROR| - [modbus_connector.py] - modbus_connector - __poll_device - 254 - Device MAU 1 is not connected, cannot connect to server, skipping reading...
2025-07-03 13:06:08.124 - |ERROR| - [modbus_connector.py] - modbus_connector - __poll_device - 254 - Device MAU 1 is not connected, cannot connect to server, skipping reading...
2025-07-03 13:06:13.186 - |ERROR| - [modbus_connector.py] - modbus_connector - __poll_device - 254 - Device MAU 1 is not connected, cannot connect to server, skipping reading...
2025-07-03 13:06:18.228 - |ERROR| - [modbus_connector.py] - modbus_connector - __poll_device - 254 - Device MAU 1 is not connected, cannot connect to server, skipping reading...
2025-07-03 13:06:23.193 - |ERROR| - [modbus_connector.py] - modbus_connector - __poll_device - 254 - Device MAU 1 is not connected, cannot connect to server, skipping reading...
2025-07-03 13:06:28.181 - |ERROR| - [modbus_connector.py] - modbus_connector - __poll_device - 254 - Device MAU 1 is not connected, cannot connect to server, skipping reading...
2025-07-03 13:06:33.229 - |ERROR| - [modbus_connector.py] - modbus_connector - __poll_device - 254 - Device MAU 1 is not connected, cannot connect to server, skipping reading...
2025-07-03 13:06:38.218 - |ERROR| - [modbus_connector.py] - modbus_connector - __poll_device - 254 - Device MAU 1 is not connected, cannot connect to server, skipping reading...
2025-07-03 13:06:43.207 - |ERROR| - [modbus_connector.py] - modbus_connector - __poll_device - 254 - Device MAU 1 is not connected, cannot connect to server, skipping reading...
2025-07-03 13:06:48.261 - |ERROR| - [modbus_connector.py] - modbus_connector - __poll_device - 254 - Device MAU 1 is not connected, cannot connect to server, skipping reading...
2025-07-03 13:06:53.337 - |ERROR| - [modbus_connector.py] - modbus_connector - __poll_device - 254 - Device MAU 1 is not connected, cannot connect to server, skipping reading...
2025-07-03 13:06:58.313 - |ERROR| - [modbus_connector.py] - modbus_connector - __poll_device - 254 - Device MAU 1 is not connected, cannot connect to server, skipping reading...
2025-07-03 13:07:02.516 - |INFO| - [modbus_connector.py] - modbus_connector - close - 138 - Modbus Connector has been stopped
2025-07-03 13:07:06.842 - |INFO| - [modbus_connector.py] - modbus_connector - __init__ - 99 - Starting Modbus Connector...
2025-07-03 13:07:10.174 - |ERROR| - [modbus_connector.py] - modbus_connector - __poll_device - 265 - Failed to poll MAU 1 device: [WinError 1225] The remote computer refused the network connection
2025-07-03 13:07:15.278 - |ERROR| - [modbus_connector.py] - modbus_connector - __poll_device - 265 - Failed to poll MAU 1 device: [WinError 1225] The remote computer refused the network connection
2025-07-03 13:07:16.901 - |ERROR| - [modbus_connector.py] - modbus_connector - __poll_device - 254 - Device MAU 1 is not connected, cannot connect to server, skipping reading...
2025-07-03 13:07:25.274 - |ERROR| - [modbus_connector.py] - modbus_connector - __poll_device - 265 - Failed to poll MAU 1 device: [WinError 1225] The remote computer refused the network connection
2025-07-03 13:07:29.423 - |INFO| - [modbus_connector.py] - modbus_connector - close - 138 - Modbus Connector has been stopped
2025-07-03 13:10:55.097 - |INFO| - [modbus_connector.py] - modbus_connector - __init__ - 99 - Starting Modbus Connector...
2025-07-03 13:10:58.422 - |ERROR| - [modbus_connector.py] - modbus_connector - __poll_device - 265 - Failed to poll MAU 1 device: [WinError 1225] The remote computer refused the network connection
2025-07-03 13:11:03.494 - |ERROR| - [modbus_connector.py] - modbus_connector - __poll_device - 265 - Failed to poll MAU 1 device: [WinError 1225] The remote computer refused the network connection
2025-07-03 13:11:08.456 - |ERROR| - [modbus_connector.py] - modbus_connector - __poll_device - 265 - Failed to poll MAU 1 device: [WinError 1225] The remote computer refused the network connection
2025-07-03 13:11:13.506 - |ERROR| - [modbus_connector.py] - modbus_connector - __poll_device - 265 - Failed to poll MAU 1 device: [WinError 1225] The remote computer refused the network connection
2025-07-03 13:11:18.543 - |ERROR| - [modbus_connector.py] - modbus_connector - __poll_device - 265 - Failed to poll MAU 1 device: [WinError 1225] The remote computer refused the network connection
2025-07-03 13:11:20.208 - |ERROR| - [modbus_connector.py] - modbus_connector - __poll_device - 254 - Device MAU 1 is not connected, cannot connect to server, skipping reading...
2025-07-03 13:11:25.220 - |ERROR| - [modbus_connector.py] - modbus_connector - __poll_device - 254 - Device MAU 1 is not connected, cannot connect to server, skipping reading...
2025-07-03 13:11:30.241 - |ERROR| - [modbus_connector.py] - modbus_connector - __poll_device - 254 - Device MAU 1 is not connected, cannot connect to server, skipping reading...
2025-07-03 13:11:35.158 - |ERROR| - [modbus_connector.py] - modbus_connector - __poll_device - 254 - Device MAU 1 is not connected, cannot connect to server, skipping reading...
2025-07-03 13:11:40.180 - |ERROR| - [modbus_connector.py] - modbus_connector - __poll_device - 254 - Device MAU 1 is not connected, cannot connect to server, skipping reading...
2025-07-03 13:11:45.204 - |ERROR| - [modbus_connector.py] - modbus_connector - __poll_device - 254 - Device MAU 1 is not connected, cannot connect to server, skipping reading...
2025-07-03 13:11:50.245 - |ERROR| - [modbus_connector.py] - modbus_connector - __poll_device - 254 - Device MAU 1 is not connected, cannot connect to server, skipping reading...
2025-07-03 13:11:55.279 - |ERROR| - [modbus_connector.py] - modbus_connector - __poll_device - 254 - Device MAU 1 is not connected, cannot connect to server, skipping reading...
2025-07-03 13:12:00.291 - |ERROR| - [modbus_connector.py] - modbus_connector - __poll_device - 254 - Device MAU 1 is not connected, cannot connect to server, skipping reading...
2025-07-03 13:12:05.314 - |ERROR| - [modbus_connector.py] - modbus_connector - __poll_device - 254 - Device MAU 1 is not connected, cannot connect to server, skipping reading...
2025-07-03 13:12:10.228 - |ERROR| - [modbus_connector.py] - modbus_connector - __poll_device - 254 - Device MAU 1 is not connected, cannot connect to server, skipping reading...
2025-07-03 13:12:15.264 - |ERROR| - [modbus_connector.py] - modbus_connector - __poll_device - 254 - Device MAU 1 is not connected, cannot connect to server, skipping reading...
2025-07-03 13:12:16.071 - |INFO| - [modbus_connector.py] - modbus_connector - close - 138 - Modbus Connector has been stopped
2025-07-03 13:12:19.993 - |INFO| - [modbus_connector.py] - modbus_connector - __init__ - 99 - Starting Modbus Connector...
2025-07-03 13:12:20.272 - |INFO| - [slave.py] - slave - connect - 209 - Connected to MAU 1
2025-07-03 13:12:23.287 - |ERROR| - [modbus_connector.py] - modbus_connector - __read_slave_data - 281 - Timeout error for device MAU 1 function code 3 address 0, it may be caused by wrong data in server register.
2025-07-03 13:12:27.419 - |INFO| - [modbus_connector.py] - modbus_connector - close - 138 - Modbus Connector has been stopped
2025-07-03 13:13:04.871 - |INFO| - [modbus_connector.py] - modbus_connector - __init__ - 99 - Starting Modbus Connector...
2025-07-03 13:13:05.142 - |INFO| - [slave.py] - slave - connect - 209 - Connected to MAU 1
2025-07-03 13:13:08.147 - |ERROR| - [modbus_connector.py] - modbus_connector - __read_slave_data - 281 - Timeout error for device MAU 1 function code 3 address 1, it may be caused by wrong data in server register.
2025-07-03 13:13:13.203 - |ERROR| - [modbus_connector.py] - modbus_connector - __read_slave_data - 281 - Timeout error for device MAU 1 function code 3 address 1, it may be caused by wrong data in server register.
2025-07-03 13:13:16.312 - |INFO| - [modbus_connector.py] - modbus_connector - close - 138 - Modbus Connector has been stopped
2025-07-03 13:17:11.624 - |INFO| - [modbus_connector.py] - modbus_connector - __init__ - 99 - Starting Modbus Connector...
2025-07-03 13:17:11.908 - |INFO| - [slave.py] - slave - connect - 209 - Connected to MAU 1
2025-07-03 13:17:11.909 - |ERROR| - [modbus_connector.py] - modbus_connector - __poll_device - 265 - Failed to poll MAU 1 device: 'functionCode'
2025-07-03 13:17:17.006 - |ERROR| - [modbus_connector.py] - modbus_connector - __poll_device - 265 - Failed to poll MAU 1 device: 'functionCode'
2025-07-03 13:17:21.993 - |ERROR| - [modbus_connector.py] - modbus_connector - __poll_device - 265 - Failed to poll MAU 1 device: 'functionCode'
2025-07-03 13:17:26.966 - |ERROR| - [modbus_connector.py] - modbus_connector - __poll_device - 265 - Failed to poll MAU 1 device: 'functionCode'
2025-07-03 13:17:31.936 - |ERROR| - [modbus_connector.py] - modbus_connector - __poll_device - 265 - Failed to poll MAU 1 device: 'functionCode'
2025-07-03 13:17:38.455 - |INFO| - [slave.py] - slave - connect - 209 - Connected to MAU 1
2025-07-03 13:17:38.729 - |ERROR| - [modbus_connector.py] - modbus_connector - __poll_device - 265 - Failed to poll MAU 1 device: 'functionCode'
2025-07-03 13:17:42.024 - |ERROR| - [modbus_connector.py] - modbus_connector - __poll_device - 265 - Failed to poll MAU 1 device: 'functionCode'
2025-07-03 13:17:47.010 - |ERROR| - [modbus_connector.py] - modbus_connector - __poll_device - 265 - Failed to poll MAU 1 device: 'functionCode'
2025-07-03 13:17:51.998 - |ERROR| - [modbus_connector.py] - modbus_connector - __poll_device - 265 - Failed to poll MAU 1 device: 'functionCode'
2025-07-03 13:17:57.081 - |ERROR| - [modbus_connector.py] - modbus_connector - __poll_device - 265 - Failed to poll MAU 1 device: 'functionCode'
2025-07-03 13:18:02.088 - |ERROR| - [modbus_connector.py] - modbus_connector - __poll_device - 265 - Failed to poll MAU 1 device: 'functionCode'
2025-07-03 13:18:07.066 - |ERROR| - [modbus_connector.py] - modbus_connector - __poll_device - 265 - Failed to poll MAU 1 device: 'functionCode'
2025-07-03 13:18:12.037 - |ERROR| - [modbus_connector.py] - modbus_connector - __poll_device - 265 - Failed to poll MAU 1 device: 'functionCode'
2025-07-03 13:18:14.001 - |INFO| - [modbus_connector.py] - modbus_connector - close - 138 - Modbus Connector has been stopped
2025-07-03 13:18:14.030 - |INFO| - [modbus_connector.py] - modbus_connector - __init__ - 99 - Starting Modbus Connector...
2025-07-03 13:18:14.295 - |INFO| - [slave.py] - slave - connect - 209 - Connected to MAU 1
2025-07-03 13:18:14.575 - |ERROR| - [modbus_connector.py] - modbus_connector - __poll_device - 265 - Failed to poll MAU 1 device: 'functionCode'
2025-07-03 13:18:19.346 - |ERROR| - [modbus_connector.py] - modbus_connector - __poll_device - 265 - Failed to poll MAU 1 device: 'functionCode'
2025-07-03 13:18:24.435 - |ERROR| - [modbus_connector.py] - modbus_connector - __poll_device - 265 - Failed to poll MAU 1 device: 'functionCode'
2025-07-03 13:18:29.414 - |ERROR| - [modbus_connector.py] - modbus_connector - __poll_device - 265 - Failed to poll MAU 1 device: 'functionCode'
2025-07-03 13:18:34.389 - |ERROR| - [modbus_connector.py] - modbus_connector - __poll_device - 265 - Failed to poll MAU 1 device: 'functionCode'
2025-07-03 13:18:39.372 - |ERROR| - [modbus_connector.py] - modbus_connector - __poll_device - 265 - Failed to poll MAU 1 device: 'functionCode'
2025-07-03 13:18:44.457 - |ERROR| - [modbus_connector.py] - modbus_connector - __poll_device - 265 - Failed to poll MAU 1 device: 'functionCode'
2025-07-03 13:18:49.445 - |ERROR| - [modbus_connector.py] - modbus_connector - __poll_device - 265 - Failed to poll MAU 1 device: 'functionCode'
2025-07-03 13:18:54.450 - |ERROR| - [modbus_connector.py] - modbus_connector - __poll_device - 265 - Failed to poll MAU 1 device: 'functionCode'
2025-07-03 13:18:59.426 - |ERROR| - [modbus_connector.py] - modbus_connector - __poll_device - 265 - Failed to poll MAU 1 device: 'functionCode'
2025-07-03 13:19:04.450 - |ERROR| - [modbus_connector.py] - modbus_connector - __poll_device - 265 - Failed to poll MAU 1 device: 'functionCode'
2025-07-03 13:19:09.474 - |ERROR| - [modbus_connector.py] - modbus_connector - __poll_device - 265 - Failed to poll MAU 1 device: 'functionCode'
2025-07-03 13:19:14.458 - |ERROR| - [modbus_connector.py] - modbus_connector - __poll_device - 265 - Failed to poll MAU 1 device: 'functionCode'
2025-07-03 13:19:19.475 - |ERROR| - [modbus_connector.py] - modbus_connector - __poll_device - 265 - Failed to poll MAU 1 device: 'functionCode'
2025-07-03 13:19:24.558 - |ERROR| - [modbus_connector.py] - modbus_connector - __poll_device - 265 - Failed to poll MAU 1 device: 'functionCode'
2025-07-03 13:19:29.473 - |ERROR| - [modbus_connector.py] - modbus_connector - __poll_device - 265 - Failed to poll MAU 1 device: 'functionCode'
2025-07-03 13:19:34.507 - |ERROR| - [modbus_connector.py] - modbus_connector - __poll_device - 265 - Failed to poll MAU 1 device: 'functionCode'
2025-07-03 13:19:39.487 - |ERROR| - [modbus_connector.py] - modbus_connector - __poll_device - 265 - Failed to poll MAU 1 device: 'functionCode'
2025-07-03 13:19:44.503 - |ERROR| - [modbus_connector.py] - modbus_connector - __poll_device - 265 - Failed to poll MAU 1 device: 'functionCode'
2025-07-03 13:19:49.506 - |ERROR| - [modbus_connector.py] - modbus_connector - __poll_device - 265 - Failed to poll MAU 1 device: 'functionCode'
2025-07-03 13:19:57.590 - |ERROR| - [modbus_connector.py] - modbus_connector - __poll_device - 265 - Failed to poll MAU 1 device: [WinError 1225] The remote computer refused the network connection
2025-07-03 13:20:01.035 - |INFO| - [slave.py] - slave - connect - 209 - Connected to MAU 1
2025-07-03 13:20:01.313 - |ERROR| - [modbus_connector.py] - modbus_connector - __poll_device - 265 - Failed to poll MAU 1 device: 'functionCode'
2025-07-03 13:20:04.539 - |ERROR| - [modbus_connector.py] - modbus_connector - __poll_device - 265 - Failed to poll MAU 1 device: 'functionCode'
2025-07-03 13:20:09.587 - |ERROR| - [modbus_connector.py] - modbus_connector - __poll_device - 265 - Failed to poll MAU 1 device: 'functionCode'
2025-07-03 13:20:14.573 - |ERROR| - [modbus_connector.py] - modbus_connector - __poll_device - 265 - Failed to poll MAU 1 device: 'functionCode'
2025-07-03 13:20:19.548 - |ERROR| - [modbus_connector.py] - modbus_connector - __poll_device - 265 - Failed to poll MAU 1 device: 'functionCode'
2025-07-03 13:20:24.551 - |ERROR| - [modbus_connector.py] - modbus_connector - __poll_device - 265 - Failed to poll MAU 1 device: 'functionCode'
2025-07-03 13:20:29.656 - |ERROR| - [modbus_connector.py] - modbus_connector - __poll_device - 265 - Failed to poll MAU 1 device: 'functionCode'
2025-07-03 13:20:34.700 - |ERROR| - [modbus_connector.py] - modbus_connector - __poll_device - 265 - Failed to poll MAU 1 device: 'functionCode'
2025-07-03 13:20:39.708 - |ERROR| - [modbus_connector.py] - modbus_connector - __poll_device - 265 - Failed to poll MAU 1 device: 'functionCode'
2025-07-03 13:20:44.611 - |ERROR| - [modbus_connector.py] - modbus_connector - __poll_device - 265 - Failed to poll MAU 1 device: 'functionCode'
2025-07-03 13:20:49.645 - |ERROR| - [modbus_connector.py] - modbus_connector - __poll_device - 265 - Failed to poll MAU 1 device: 'functionCode'
2025-07-03 13:20:54.913 - |ERROR| - [modbus_connector.py] - modbus_connector - __poll_device - 265 - Failed to poll MAU 1 device: 'functionCode'
2025-07-03 13:20:59.603 - |ERROR| - [modbus_connector.py] - modbus_connector - __poll_device - 265 - Failed to poll MAU 1 device: 'functionCode'
2025-07-03 13:21:04.652 - |ERROR| - [modbus_connector.py] - modbus_connector - __poll_device - 265 - Failed to poll MAU 1 device: 'functionCode'
2025-07-03 13:21:09.629 - |ERROR| - [modbus_connector.py] - modbus_connector - __poll_device - 265 - Failed to poll MAU 1 device: 'functionCode'
2025-07-03 13:21:09.901 - |INFO| - [modbus_connector.py] - modbus_connector - close - 138 - Modbus Connector has been stopped
2025-07-03 13:21:39.467 - |INFO| - [modbus_connector.py] - modbus_connector - __init__ - 99 - Starting Modbus Connector...
2025-07-03 13:21:39.733 - |INFO| - [slave.py] - slave - connect - 209 - Connected to MAU 1
2025-07-03 13:21:39.733 - |ERROR| - [modbus_connector.py] - modbus_connector - __poll_device - 265 - Failed to poll MAU 1 device: 'functionCode'
2025-07-03 13:21:44.755 - |ERROR| - [modbus_connector.py] - modbus_connector - __poll_device - 265 - Failed to poll MAU 1 device: 'functionCode'
2025-07-03 13:21:49.848 - |ERROR| - [modbus_connector.py] - modbus_connector - __poll_device - 265 - Failed to poll MAU 1 device: 'functionCode'
2025-07-03 13:21:54.841 - |ERROR| - [modbus_connector.py] - modbus_connector - __poll_device - 265 - Failed to poll MAU 1 device: 'functionCode'
2025-07-03 13:21:59.841 - |ERROR| - [modbus_connector.py] - modbus_connector - __poll_device - 265 - Failed to poll MAU 1 device: 'functionCode'
2025-07-03 13:22:04.838 - |ERROR| - [modbus_connector.py] - modbus_connector - __poll_device - 265 - Failed to poll MAU 1 device: 'functionCode'
2025-07-03 13:22:09.888 - |ERROR| - [modbus_connector.py] - modbus_connector - __poll_device - 265 - Failed to poll MAU 1 device: 'functionCode'
2025-07-03 13:22:14.850 - |ERROR| - [modbus_connector.py] - modbus_connector - __poll_device - 265 - Failed to poll MAU 1 device: 'functionCode'
2025-07-03 13:22:19.843 - |ERROR| - [modbus_connector.py] - modbus_connector - __poll_device - 265 - Failed to poll MAU 1 device: 'functionCode'
2025-07-03 13:22:24.937 - |ERROR| - [modbus_connector.py] - modbus_connector - __poll_device - 265 - Failed to poll MAU 1 device: 'functionCode'
2025-07-03 13:22:29.852 - |ERROR| - [modbus_connector.py] - modbus_connector - __poll_device - 265 - Failed to poll MAU 1 device: 'functionCode'
2025-07-03 13:22:34.862 - |ERROR| - [modbus_connector.py] - modbus_connector - __poll_device - 265 - Failed to poll MAU 1 device: 'functionCode'
2025-07-03 13:22:39.892 - |ERROR| - [modbus_connector.py] - modbus_connector - __poll_device - 265 - Failed to poll MAU 1 device: 'functionCode'
2025-07-03 13:22:44.397 - |INFO| - [modbus_connector.py] - modbus_connector - close - 138 - Modbus Connector has been stopped
2025-07-03 13:22:48.866 - |INFO| - [modbus_connector.py] - modbus_connector - __init__ - 99 - Starting Modbus Connector...
2025-07-03 13:22:49.145 - |INFO| - [slave.py] - slave - connect - 209 - Connected to MAU 1
2025-07-03 13:22:49.145 - |ERROR| - [modbus_connector.py] - modbus_connector - __poll_device - 265 - Failed to poll MAU 1 device: 'functionCode'
2025-07-03 13:22:54.217 - |ERROR| - [modbus_connector.py] - modbus_connector - __poll_device - 265 - Failed to poll MAU 1 device: 'functionCode'
2025-07-03 13:22:59.192 - |ERROR| - [modbus_connector.py] - modbus_connector - __poll_device - 265 - Failed to poll MAU 1 device: 'functionCode'
2025-07-03 13:23:04.200 - |ERROR| - [modbus_connector.py] - modbus_connector - __poll_device - 265 - Failed to poll MAU 1 device: 'functionCode'
2025-07-03 13:23:07.352 - |INFO| - [modbus_connector.py] - modbus_connector - close - 138 - Modbus Connector has been stopped
2025-07-03 13:23:10.468 - |INFO| - [modbus_connector.py] - modbus_connector - __init__ - 99 - Starting Modbus Connector...
2025-07-03 13:23:10.732 - |INFO| - [slave.py] - slave - connect - 209 - Connected to MAU 1
2025-07-03 13:23:10.733 - |ERROR| - [modbus_connector.py] - modbus_connector - __poll_device - 265 - Failed to poll MAU 1 device: 'functionCode'
2025-07-03 13:23:15.811 - |ERROR| - [modbus_connector.py] - modbus_connector - __poll_device - 265 - Failed to poll MAU 1 device: 'functionCode'
2025-07-03 13:23:20.828 - |ERROR| - [modbus_connector.py] - modbus_connector - __poll_device - 265 - Failed to poll MAU 1 device: 'functionCode'
2025-07-03 13:23:24.957 - |INFO| - [modbus_connector.py] - modbus_connector - close - 138 - Modbus Connector has been stopped
2025-07-03 13:23:27.889 - |INFO| - [modbus_connector.py] - modbus_connector - __init__ - 99 - Starting Modbus Connector...
2025-07-03 13:23:28.152 - |INFO| - [slave.py] - slave - connect - 209 - Connected to MAU 1
2025-07-03 13:23:28.153 - |ERROR| - [modbus_connector.py] - modbus_connector - __poll_device - 265 - Failed to poll MAU 1 device: 'functionCode'
2025-07-03 13:23:33.278 - |ERROR| - [modbus_connector.py] - modbus_connector - __poll_device - 265 - Failed to poll MAU 1 device: 'functionCode'
2025-07-03 13:23:38.262 - |ERROR| - [modbus_connector.py] - modbus_connector - __poll_device - 265 - Failed to poll MAU 1 device: 'functionCode'
2025-07-03 13:23:43.246 - |ERROR| - [modbus_connector.py] - modbus_connector - __poll_device - 265 - Failed to poll MAU 1 device: 'functionCode'
2025-07-03 13:23:48.240 - |ERROR| - [modbus_connector.py] - modbus_connector - __poll_device - 265 - Failed to poll MAU 1 device: 'functionCode'
2025-07-03 13:23:52.455 - |INFO| - [modbus_connector.py] - modbus_connector - close - 138 - Modbus Connector has been stopped
2025-07-03 13:25:12.652 - |INFO| - [modbus_connector.py] - modbus_connector - __init__ - 99 - Starting Modbus Connector...
2025-07-03 13:25:12.930 - |INFO| - [slave.py] - slave - connect - 209 - Connected to MAU 1
2025-07-03 13:25:12.931 - |ERROR| - [modbus_connector.py] - modbus_connector - __poll_device - 265 - Failed to poll MAU 1 device: 'functionCode'
2025-07-03 13:25:17.954 - |ERROR| - [modbus_connector.py] - modbus_connector - __poll_device - 265 - Failed to poll MAU 1 device: 'functionCode'
2025-07-03 13:25:22.939 - |ERROR| - [modbus_connector.py] - modbus_connector - __poll_device - 265 - Failed to poll MAU 1 device: 'functionCode'
2025-07-03 13:25:28.047 - |ERROR| - [modbus_connector.py] - modbus_connector - __poll_device - 265 - Failed to poll MAU 1 device: 'functionCode'
2025-07-03 13:25:32.271 - |INFO| - [modbus_connector.py] - modbus_connector - close - 138 - Modbus Connector has been stopped
2025-07-03 13:25:36.081 - |INFO| - [modbus_connector.py] - modbus_connector - __init__ - 99 - Starting Modbus Connector...
2025-07-03 13:25:36.357 - |INFO| - [slave.py] - slave - connect - 209 - Connected to MAU 1
2025-07-03 13:25:36.358 - |ERROR| - [modbus_connector.py] - modbus_connector - __poll_device - 265 - Failed to poll MAU 1 device: 'functionCode'
2025-07-03 13:25:41.383 - |ERROR| - [modbus_connector.py] - modbus_connector - __poll_device - 265 - Failed to poll MAU 1 device: 'functionCode'
2025-07-03 13:25:46.447 - |ERROR| - [modbus_connector.py] - modbus_connector - __poll_device - 265 - Failed to poll MAU 1 device: 'functionCode'
2025-07-03 13:25:51.439 - |ERROR| - [modbus_connector.py] - modbus_connector - __poll_device - 265 - Failed to poll MAU 1 device: 'functionCode'
2025-07-03 13:25:56.469 - |ERROR| - [modbus_connector.py] - modbus_connector - __poll_device - 265 - Failed to poll MAU 1 device: 'functionCode'
2025-07-03 13:26:01.485 - |ERROR| - [modbus_connector.py] - modbus_connector - __poll_device - 265 - Failed to poll MAU 1 device: 'functionCode'
2025-07-03 13:26:06.428 - |ERROR| - [modbus_connector.py] - modbus_connector - __poll_device - 265 - Failed to poll MAU 1 device: 'functionCode'
2025-07-03 13:26:11.495 - |ERROR| - [modbus_connector.py] - modbus_connector - __poll_device - 265 - Failed to poll MAU 1 device: 'functionCode'
2025-07-03 13:26:16.435 - |ERROR| - [modbus_connector.py] - modbus_connector - __poll_device - 265 - Failed to poll MAU 1 device: 'functionCode'
2025-07-03 13:26:21.415 - |ERROR| - [modbus_connector.py] - modbus_connector - __poll_device - 265 - Failed to poll MAU 1 device: 'functionCode'
2025-07-03 13:26:26.474 - |ERROR| - [modbus_connector.py] - modbus_connector - __poll_device - 265 - Failed to poll MAU 1 device: 'functionCode'
2025-07-03 13:26:31.536 - |ERROR| - [modbus_connector.py] - modbus_connector - __poll_device - 265 - Failed to poll MAU 1 device: 'functionCode'
2025-07-03 13:26:36.521 - |ERROR| - [modbus_connector.py] - modbus_connector - __poll_device - 265 - Failed to poll MAU 1 device: 'functionCode'
2025-07-03 13:26:41.508 - |ERROR| - [modbus_connector.py] - modbus_connector - __poll_device - 265 - Failed to poll MAU 1 device: 'functionCode'
2025-07-03 13:26:42.951 - |INFO| - [modbus_connector.py] - modbus_connector - close - 138 - Modbus Connector has been stopped
2025-07-03 13:26:46.953 - |INFO| - [modbus_connector.py] - modbus_connector - __init__ - 99 - Starting Modbus Connector...
2025-07-03 13:26:47.237 - |INFO| - [slave.py] - slave - connect - 209 - Connected to MAU 1
2025-07-03 13:26:47.237 - |ERROR| - [modbus_connector.py] - modbus_connector - __poll_device - 265 - Failed to poll MAU 1 device: 'functionCode'
2025-07-03 13:26:52.370 - |ERROR| - [modbus_connector.py] - modbus_connector - __poll_device - 265 - Failed to poll MAU 1 device: 'functionCode'
2025-07-03 13:26:57.357 - |ERROR| - [modbus_connector.py] - modbus_connector - __poll_device - 265 - Failed to poll MAU 1 device: 'functionCode'
2025-07-03 13:27:02.329 - |ERROR| - [modbus_connector.py] - modbus_connector - __poll_device - 265 - Failed to poll MAU 1 device: 'functionCode'
2025-07-03 13:27:07.309 - |ERROR| - [modbus_connector.py] - modbus_connector - __poll_device - 265 - Failed to poll MAU 1 device: 'functionCode'
2025-07-03 13:27:12.387 - |ERROR| - [modbus_connector.py] - modbus_connector - __poll_device - 265 - Failed to poll MAU 1 device: 'functionCode'
2025-07-03 13:27:17.406 - |ERROR| - [modbus_connector.py] - modbus_connector - __poll_device - 265 - Failed to poll MAU 1 device: 'functionCode'
2025-07-03 13:27:22.385 - |ERROR| - [modbus_connector.py] - modbus_connector - __poll_device - 265 - Failed to poll MAU 1 device: 'functionCode'
2025-07-03 13:27:27.381 - |ERROR| - [modbus_connector.py] - modbus_connector - __poll_device - 265 - Failed to poll MAU 1 device: 'functionCode'
2025-07-03 13:27:32.343 - |ERROR| - [modbus_connector.py] - modbus_connector - __poll_device - 265 - Failed to poll MAU 1 device: 'functionCode'
2025-07-03 13:27:37.426 - |ERROR| - [modbus_connector.py] - modbus_connector - __poll_device - 265 - Failed to poll MAU 1 device: 'functionCode'
2025-07-03 13:27:42.419 - |ERROR| - [modbus_connector.py] - modbus_connector - __poll_device - 265 - Failed to poll MAU 1 device: 'functionCode'
2025-07-03 13:27:47.395 - |ERROR| - [modbus_connector.py] - modbus_connector - __poll_device - 265 - Failed to poll MAU 1 device: 'functionCode'
2025-07-03 13:27:52.407 - |ERROR| - [modbus_connector.py] - modbus_connector - __poll_device - 265 - Failed to poll MAU 1 device: 'functionCode'
2025-07-03 13:27:57.379 - |ERROR| - [modbus_connector.py] - modbus_connector - __poll_device - 265 - Failed to poll MAU 1 device: 'functionCode'
2025-07-03 13:28:02.505 - |ERROR| - [modbus_connector.py] - modbus_connector - __poll_device - 265 - Failed to poll MAU 1 device: 'functionCode'
2025-07-03 13:28:02.842 - |INFO| - [modbus_connector.py] - modbus_connector - close - 138 - Modbus Connector has been stopped
2025-07-03 13:28:06.763 - |INFO| - [modbus_connector.py] - modbus_connector - __init__ - 99 - Starting Modbus Connector...
2025-07-03 13:28:07.034 - |INFO| - [slave.py] - slave - connect - 209 - Connected to MAU 1
2025-07-03 13:28:07.034 - |ERROR| - [modbus_connector.py] - modbus_connector - __poll_device - 265 - Failed to poll MAU 1 device: 'functionCode'
2025-07-03 13:28:12.167 - |ERROR| - [modbus_connector.py] - modbus_connector - __poll_device - 265 - Failed to poll MAU 1 device: 'functionCode'
2025-07-03 13:28:17.168 - |ERROR| - [modbus_connector.py] - modbus_connector - __poll_device - 265 - Failed to poll MAU 1 device: 'functionCode'
2025-07-03 13:28:22.156 - |ERROR| - [modbus_connector.py] - modbus_connector - __poll_device - 265 - Failed to poll MAU 1 device: 'functionCode'
2025-07-03 13:28:27.151 - |ERROR| - [modbus_connector.py] - modbus_connector - __poll_device - 265 - Failed to poll MAU 1 device: 'functionCode'
2025-07-03 13:28:29.162 - |INFO| - [modbus_connector.py] - modbus_connector - close - 138 - Modbus Connector has been stopped
2025-07-03 13:28:31.421 - |INFO| - [modbus_connector.py] - modbus_connector - __init__ - 99 - Starting Modbus Connector...
2025-07-03 13:28:31.709 - |INFO| - [slave.py] - slave - connect - 209 - Connected to MAU 1
2025-07-03 13:28:31.709 - |ERROR| - [modbus_connector.py] - modbus_connector - __poll_device - 265 - Failed to poll MAU 1 device: 'functionCode'
2025-07-03 13:28:36.734 - |ERROR| - [modbus_connector.py] - modbus_connector - __poll_device - 265 - Failed to poll MAU 1 device: 'functionCode'
2025-07-03 13:28:41.809 - |ERROR| - [modbus_connector.py] - modbus_connector - __poll_device - 265 - Failed to poll MAU 1 device: 'functionCode'
2025-07-03 13:28:46.798 - |ERROR| - [modbus_connector.py] - modbus_connector - __poll_device - 265 - Failed to poll MAU 1 device: 'functionCode'
2025-07-03 13:28:50.927 - |INFO| - [modbus_connector.py] - modbus_connector - close - 138 - Modbus Connector has been stopped
2025-07-03 13:28:54.750 - |INFO| - [modbus_connector.py] - modbus_connector - __init__ - 99 - Starting Modbus Connector...
2025-07-03 13:28:55.027 - |INFO| - [slave.py] - slave - connect - 209 - Connected to MAU 1
2025-07-03 13:28:55.028 - |ERROR| - [modbus_connector.py] - modbus_connector - __poll_device - 265 - Failed to poll MAU 1 device: 'functionCode'
2025-07-03 13:29:00.063 - |ERROR| - [modbus_connector.py] - modbus_connector - __poll_device - 265 - Failed to poll MAU 1 device: 'functionCode'
2025-07-03 13:29:05.035 - |ERROR| - [modbus_connector.py] - modbus_connector - __poll_device - 265 - Failed to poll MAU 1 device: 'functionCode'
2025-07-03 13:29:10.122 - |ERROR| - [modbus_connector.py] - modbus_connector - __poll_device - 265 - Failed to poll MAU 1 device: 'functionCode'
2025-07-03 13:29:15.148 - |ERROR| - [modbus_connector.py] - modbus_connector - __poll_device - 265 - Failed to poll MAU 1 device: 'functionCode'
2025-07-03 13:29:18.298 - |INFO| - [modbus_connector.py] - modbus_connector - close - 138 - Modbus Connector has been stopped
2025-07-03 13:36:29.391 - |INFO| - [modbus_connector.py] - modbus_connector - __init__ - 99 - Starting Modbus Connector...
2025-07-03 13:36:32.706 - |ERROR| - [modbus_connector.py] - modbus_connector - __poll_device - 265 - Failed to poll MAU 1 device: [WinError 1225] The remote computer refused the network connection
2025-07-03 13:36:37.787 - |ERROR| - [modbus_connector.py] - modbus_connector - __poll_device - 265 - Failed to poll MAU 1 device: [WinError 1225] The remote computer refused the network connection
2025-07-03 13:36:40.468 - |INFO| - [slave.py] - slave - connect - 209 - Connected to MAU 1
2025-07-03 13:36:40.862 - |ERROR| - [modbus_connector.py] - modbus_connector - __poll_device - 265 - Failed to poll MAU 1 device: 'functionCode'
2025-07-03 13:36:44.776 - |ERROR| - [modbus_connector.py] - modbus_connector - __poll_device - 265 - Failed to poll MAU 1 device: 'functionCode'
2025-07-03 13:36:49.753 - |ERROR| - [modbus_connector.py] - modbus_connector - __poll_device - 265 - Failed to poll MAU 1 device: 'functionCode'
2025-07-03 13:36:54.763 - |ERROR| - [modbus_connector.py] - modbus_connector - __poll_device - 265 - Failed to poll MAU 1 device: 'functionCode'
2025-07-03 13:36:59.819 - |ERROR| - [modbus_connector.py] - modbus_connector - __poll_device - 265 - Failed to poll MAU 1 device: 'functionCode'
2025-07-03 13:37:03.943 - |INFO| - [modbus_connector.py] - modbus_connector - close - 138 - Modbus Connector has been stopped
2025-07-03 13:37:07.858 - |INFO| - [modbus_connector.py] - modbus_connector - __init__ - 99 - Starting Modbus Connector...
2025-07-03 13:37:08.123 - |INFO| - [slave.py] - slave - connect - 209 - Connected to MAU 1
2025-07-03 13:37:08.123 - |ERROR| - [modbus_connector.py] - modbus_connector - __poll_device - 265 - Failed to poll MAU 1 device: 'functionCode'
2025-07-03 13:37:13.149 - |ERROR| - [modbus_connector.py] - modbus_connector - __poll_device - 265 - Failed to poll MAU 1 device: 'functionCode'
2025-07-03 13:37:15.269 - |INFO| - [modbus_connector.py] - modbus_connector - close - 138 - Modbus Connector has been stopped
2025-07-03 13:37:18.112 - |INFO| - [modbus_connector.py] - modbus_connector - __init__ - 99 - Starting Modbus Connector...
2025-07-03 13:37:18.376 - |INFO| - [slave.py] - slave - connect - 209 - Connected to MAU 1
2025-07-03 13:37:18.377 - |ERROR| - [modbus_connector.py] - modbus_connector - __poll_device - 265 - Failed to poll MAU 1 device: 'functionCode'
2025-07-03 13:37:23.415 - |ERROR| - [modbus_connector.py] - modbus_connector - __poll_device - 265 - Failed to poll MAU 1 device: 'functionCode'
2025-07-03 13:37:28.395 - |ERROR| - [modbus_connector.py] - modbus_connector - __poll_device - 265 - Failed to poll MAU 1 device: 'functionCode'
2025-07-03 13:37:33.480 - |ERROR| - [modbus_connector.py] - modbus_connector - __poll_device - 265 - Failed to poll MAU 1 device: 'functionCode'
2025-07-03 13:37:38.480 - |ERROR| - [modbus_connector.py] - modbus_connector - __poll_device - 265 - Failed to poll MAU 1 device: 'functionCode'
2025-07-03 13:37:41.751 - |INFO| - [modbus_connector.py] - modbus_connector - close - 138 - Modbus Connector has been stopped
2025-07-03 13:37:44.832 - |INFO| - [modbus_connector.py] - modbus_connector - __init__ - 99 - Starting Modbus Connector...
2025-07-03 13:37:45.119 - |INFO| - [slave.py] - slave - connect - 209 - Connected to MAU 1
2025-07-03 13:37:45.120 - |ERROR| - [modbus_connector.py] - modbus_connector - __poll_device - 265 - Failed to poll MAU 1 device: 'functionCode'
2025-07-03 13:37:50.140 - |ERROR| - [modbus_connector.py] - modbus_connector - __poll_device - 265 - Failed to poll MAU 1 device: 'functionCode'
2025-07-03 13:37:55.251 - |ERROR| - [modbus_connector.py] - modbus_connector - __poll_device - 265 - Failed to poll MAU 1 device: 'functionCode'
2025-07-03 13:38:00.177 - |ERROR| - [modbus_connector.py] - modbus_connector - __poll_device - 265 - Failed to poll MAU 1 device: 'functionCode'
2025-07-03 13:38:05.237 - |ERROR| - [modbus_connector.py] - modbus_connector - __poll_device - 265 - Failed to poll MAU 1 device: 'functionCode'
2025-07-03 13:38:10.278 - |ERROR| - [modbus_connector.py] - modbus_connector - __poll_device - 265 - Failed to poll MAU 1 device: 'functionCode'
2025-07-03 13:38:15.430 - |ERROR| - [modbus_connector.py] - modbus_connector - __poll_device - 265 - Failed to poll MAU 1 device: 'functionCode'
2025-07-03 13:38:20.221 - |ERROR| - [modbus_connector.py] - modbus_connector - __poll_device - 265 - Failed to poll MAU 1 device: 'functionCode'
2025-07-03 13:38:25.251 - |ERROR| - [modbus_connector.py] - modbus_connector - __poll_device - 265 - Failed to poll MAU 1 device: 'functionCode'
2025-07-03 13:38:30.266 - |ERROR| - [modbus_connector.py] - modbus_connector - __poll_device - 265 - Failed to poll MAU 1 device: 'functionCode'
2025-07-03 13:38:35.294 - |ERROR| - [modbus_connector.py] - modbus_connector - __poll_device - 265 - Failed to poll MAU 1 device: 'functionCode'
2025-07-03 13:38:40.258 - |ERROR| - [modbus_connector.py] - modbus_connector - __poll_device - 265 - Failed to poll MAU 1 device: 'functionCode'
2025-07-03 13:38:45.251 - |ERROR| - [modbus_connector.py] - modbus_connector - __poll_device - 265 - Failed to poll MAU 1 device: 'functionCode'
2025-07-03 13:38:48.645 - |INFO| - [modbus_connector.py] - modbus_connector - close - 138 - Modbus Connector has been stopped
2025-07-03 13:38:51.819 - |INFO| - [modbus_connector.py] - modbus_connector - __init__ - 99 - Starting Modbus Connector...
2025-07-03 13:38:52.092 - |INFO| - [slave.py] - slave - connect - 209 - Connected to MAU 1
2025-07-03 13:38:52.093 - |ERROR| - [modbus_connector.py] - modbus_connector - __poll_device - 265 - Failed to poll MAU 1 device: 'functionCode'
2025-07-03 13:38:57.206 - |ERROR| - [modbus_connector.py] - modbus_connector - __poll_device - 265 - Failed to poll MAU 1 device: 'functionCode'
2025-07-03 13:38:58.192 - |INFO| - [modbus_connector.py] - modbus_connector - close - 138 - Modbus Connector has been stopped
2025-07-03 13:59:15.982 - |INFO| - [modbus_connector.py] - modbus_connector - __init__ - 99 - Starting Modbus Connector...
2025-07-03 13:59:16.252 - |INFO| - [slave.py] - slave - connect - 209 - Connected to MAU 1
2025-07-03 13:59:16.252 - |ERROR| - [modbus_connector.py] - modbus_connector - __poll_device - 265 - Failed to poll MAU 1 device: 'functionCode'
2025-07-03 13:59:21.369 - |ERROR| - [modbus_connector.py] - modbus_connector - __poll_device - 265 - Failed to poll MAU 1 device: 'functionCode'
2025-07-03 13:59:26.357 - |ERROR| - [modbus_connector.py] - modbus_connector - __poll_device - 265 - Failed to poll MAU 1 device: 'functionCode'
2025-07-03 13:59:31.358 - |ERROR| - [modbus_connector.py] - modbus_connector - __poll_device - 265 - Failed to poll MAU 1 device: 'functionCode'
2025-07-03 13:59:32.743 - |INFO| - [modbus_connector.py] - modbus_connector - close - 138 - Modbus Connector has been stopped
2025-07-04 10:03:56.761 - |INFO| - [modbus_connector.py] - modbus_connector - __init__ - 99 - Starting Modbus Connector...
2025-07-04 10:03:57.161 - |INFO| - [slave.py] - slave - connect - 209 - Connected to MAU 1
2025-07-04 10:03:57.161 - |ERROR| - [modbus_connector.py] - modbus_connector - __poll_device - 265 - Failed to poll MAU 1 device: 'functionCode'
2025-07-04 10:04:02.167 - |ERROR| - [modbus_connector.py] - modbus_connector - __poll_device - 265 - Failed to poll MAU 1 device: 'functionCode'
2025-07-04 10:04:07.128 - |ERROR| - [modbus_connector.py] - modbus_connector - __poll_device - 265 - Failed to poll MAU 1 device: 'functionCode'
2025-07-04 10:04:12.268 - |ERROR| - [modbus_connector.py] - modbus_connector - __poll_device - 265 - Failed to poll MAU 1 device: 'functionCode'
2025-07-04 10:04:17.180 - |ERROR| - [modbus_connector.py] - modbus_connector - __poll_device - 265 - Failed to poll MAU 1 device: 'functionCode'
2025-07-04 10:04:19.198 - |INFO| - [modbus_connector.py] - modbus_connector - close - 138 - Modbus Connector has been stopped
2025-07-04 10:04:35.092 - |INFO| - [modbus_connector.py] - modbus_connector - __init__ - 99 - Starting Modbus Connector...
2025-07-04 10:04:35.409 - |INFO| - [slave.py] - slave - connect - 209 - Connected to MAU 1
2025-07-04 10:04:35.410 - |ERROR| - [modbus_connector.py] - modbus_connector - __poll_device - 265 - Failed to poll MAU 1 device: 'functionCode'
2025-07-04 10:04:40.527 - |ERROR| - [modbus_connector.py] - modbus_connector - __poll_device - 265 - Failed to poll MAU 1 device: 'functionCode'
2025-07-04 10:04:45.424 - |ERROR| - [modbus_connector.py] - modbus_connector - __poll_device - 265 - Failed to poll MAU 1 device: 'functionCode'
2025-07-04 10:04:51.041 - |ERROR| - [modbus_connector.py] - modbus_connector - __poll_device - 265 - Failed to poll MAU 1 device: 'functionCode'
2025-07-04 10:04:52.278 - |INFO| - [modbus_connector.py] - modbus_connector - close - 138 - Modbus Connector has been stopped
2025-07-04 10:05:09.922 - |INFO| - [modbus_connector.py] - modbus_connector - __init__ - 99 - Starting Modbus Connector...
2025-07-04 10:05:10.195 - |INFO| - [slave.py] - slave - connect - 209 - Connected to MAU 1
2025-07-04 10:05:10.196 - |ERROR| - [modbus_connector.py] - modbus_connector - __poll_device - 265 - Failed to poll MAU 1 device: 'functionCode'
2025-07-04 10:05:15.302 - |ERROR| - [modbus_connector.py] - modbus_connector - __poll_device - 265 - Failed to poll MAU 1 device: 'functionCode'
2025-07-04 10:05:20.311 - |ERROR| - [modbus_connector.py] - modbus_connector - __poll_device - 265 - Failed to poll MAU 1 device: 'functionCode'
2025-07-04 10:05:20.314 - |INFO| - [modbus_connector.py] - modbus_connector - close - 138 - Modbus Connector has been stopped
2025-07-04 10:05:32.007 - |INFO| - [modbus_connector.py] - modbus_connector - __init__ - 99 - Starting Modbus Connector...
2025-07-04 10:14:37.035 - |INFO| - [modbus_connector.py] - modbus_connector - close - 138 - Modbus Connector has been stopped
2025-07-04 10:14:37.079 - |INFO| - [modbus_connector.py] - modbus_connector - __init__ - 99 - Starting Modbus Connector...
2025-07-04 10:16:20.363 - |INFO| - [modbus_connector.py] - modbus_connector - close - 138 - Modbus Connector has been stopped
2025-07-04 10:16:33.209 - |INFO| - [modbus_connector.py] - modbus_connector - __init__ - 99 - Starting Modbus Connector...
2025-07-04 10:16:33.698 - |INFO| - [slave.py] - slave - connect - 209 - Connected to MAU 1
2025-07-04 10:21:33.007 - |INFO| - [modbus_connector.py] - modbus_connector - close - 138 - Modbus Connector has been stopped
2025-07-04 10:21:44.819 - |INFO| - [modbus_connector.py] - modbus_connector - __init__ - 99 - Starting Modbus Connector...
2025-07-04 10:21:45.139 - |INFO| - [slave.py] - slave - connect - 209 - Connected to MAU 1
2025-07-04 10:24:01.443 - |INFO| - [modbus_connector.py] - modbus_connector - close - 138 - Modbus Connector has been stopped
2025-07-04 10:24:15.996 - |INFO| - [modbus_connector.py] - modbus_connector - __init__ - 99 - Starting Modbus Connector...
2025-07-04 10:24:16.308 - |INFO| - [slave.py] - slave - connect - 209 - Connected to MAU 1
2025-07-04 10:29:54.503 - |INFO| - [modbus_connector.py] - modbus_connector - close - 138 - Modbus Connector has been stopped
2025-07-04 10:30:07.892 - |INFO| - [modbus_connector.py] - modbus_connector - __init__ - 99 - Starting Modbus Connector...
2025-07-04 10:30:08.258 - |INFO| - [slave.py] - slave - connect - 209 - Connected to MAU 1
2025-07-04 10:30:51.567 - |INFO| - [modbus_connector.py] - modbus_connector - close - 138 - Modbus Connector has been stopped
2025-07-04 10:31:15.215 - |INFO| - [modbus_connector.py] - modbus_connector - __init__ - 99 - Starting Modbus Connector...
2025-07-04 10:31:15.513 - |INFO| - [slave.py] - slave - connect - 209 - Connected to MAU 1
2025-07-04 10:31:27.275 - |INFO| - [modbus_connector.py] - modbus_connector - close - 138 - Modbus Connector has been stopped
2025-07-04 10:31:54.073 - |INFO| - [modbus_connector.py] - modbus_connector - __init__ - 99 - Starting Modbus Connector...
2025-07-04 10:31:54.965 - |INFO| - [slave.py] - slave - connect - 209 - Connected to MAU 1
2025-07-04 10:40:09.860 - |INFO| - [modbus_connector.py] - modbus_connector - close - 138 - Modbus Connector has been stopped
2025-07-04 10:40:14.253 - |INFO| - [modbus_connector.py] - modbus_connector - __init__ - 99 - Starting Modbus Connector...
2025-07-04 10:40:14.521 - |INFO| - [slave.py] - slave - connect - 209 - Connected to MAU 1
2025-07-04 10:55:17.170 - |INFO| - [modbus_connector.py] - modbus_connector - close - 138 - Modbus Connector has been stopped
2025-07-04 10:55:22.509 - |INFO| - [modbus_connector.py] - modbus_connector - __init__ - 99 - Starting Modbus Connector...
2025-07-04 10:55:22.800 - |INFO| - [slave.py] - slave - connect - 209 - Connected to MAU 1
2025-07-04 11:07:07.822 - |INFO| - [modbus_connector.py] - modbus_connector - close - 138 - Modbus Connector has been stopped
2025-07-04 11:07:11.576 - |INFO| - [modbus_connector.py] - modbus_connector - __init__ - 99 - Starting Modbus Connector...
2025-07-04 11:07:11.850 - |INFO| - [slave.py] - slave - connect - 209 - Connected to MAU 1
2025-07-04 11:08:46.665 - |INFO| - [modbus_connector.py] - modbus_connector - close - 138 - Modbus Connector has been stopped
2025-07-04 11:08:50.579 - |INFO| - [modbus_connector.py] - modbus_connector - __init__ - 99 - Starting Modbus Connector...
2025-07-04 11:08:50.853 - |INFO| - [slave.py] - slave - connect - 209 - Connected to MAU 1
2025-07-04 11:09:04.443 - |INFO| - [modbus_connector.py] - modbus_connector - close - 138 - Modbus Connector has been stopped
2025-07-04 11:09:07.753 - |INFO| - [modbus_connector.py] - modbus_connector - __init__ - 99 - Starting Modbus Connector...
2025-07-04 11:09:08.040 - |INFO| - [slave.py] - slave - connect - 209 - Connected to MAU 1
2025-07-04 11:17:10.915 - |INFO| - [modbus_connector.py] - modbus_connector - close - 138 - Modbus Connector has been stopped
2025-07-04 11:17:10.941 - |INFO| - [modbus_connector.py] - modbus_connector - __init__ - 99 - Starting Modbus Connector...
2025-07-04 11:17:11.209 - |INFO| - [slave.py] - slave - connect - 209 - Connected to RawData(MAU)
2025-07-04 11:22:56.174 - |INFO| - [modbus_connector.py] - modbus_connector - close - 138 - Modbus Connector has been stopped
2025-07-04 11:22:59.738 - |INFO| - [modbus_connector.py] - modbus_connector - __init__ - 99 - Starting Modbus Connector...
2025-07-04 11:22:59.998 - |INFO| - [slave.py] - slave - connect - 209 - Connected to RawData(MAU)
2025-07-04 11:38:46.126 - |INFO| - [modbus_connector.py] - modbus_connector - close - 138 - Modbus Connector has been stopped
2025-07-04 11:38:50.241 - |INFO| - [modbus_connector.py] - modbus_connector - __init__ - 99 - Starting Modbus Connector...
2025-07-04 11:38:50.515 - |INFO| - [slave.py] - slave - connect - 209 - Connected to RawData(MAU)
2025-07-04 11:46:30.129 - |INFO| - [modbus_connector.py] - modbus_connector - close - 138 - Modbus Connector has been stopped
2025-07-04 11:46:35.422 - |INFO| - [modbus_connector.py] - modbus_connector - __init__ - 99 - Starting Modbus Connector...
2025-07-04 11:46:35.755 - |INFO| - [slave.py] - slave - connect - 209 - Connected to RawData(MAU)
2025-07-04 11:48:55.358 - |INFO| - [modbus_connector.py] - modbus_connector - close - 138 - Modbus Connector has been stopped
2025-07-04 11:49:00.701 - |INFO| - [modbus_connector.py] - modbus_connector - __init__ - 99 - Starting Modbus Connector...
2025-07-04 11:49:00.970 - |INFO| - [slave.py] - slave - connect - 209 - Connected to RawData(MAU)
2025-07-04 11:49:35.540 - |INFO| - [modbus_connector.py] - modbus_connector - close - 138 - Modbus Connector has been stopped
2025-07-04 11:49:39.829 - |INFO| - [modbus_connector.py] - modbus_connector - __init__ - 99 - Starting Modbus Connector...
2025-07-04 11:49:40.104 - |INFO| - [slave.py] - slave - connect - 209 - Connected to raw_mau
2025-07-04 11:50:12.398 - |INFO| - [modbus_connector.py] - modbus_connector - close - 138 - Modbus Connector has been stopped
2025-07-04 11:50:15.453 - |INFO| - [modbus_connector.py] - modbus_connector - __init__ - 99 - Starting Modbus Connector...
2025-07-04 11:50:15.732 - |INFO| - [slave.py] - slave - connect - 209 - Connected to raw_mau
2025-07-04 11:51:52.584 - |INFO| - [modbus_connector.py] - modbus_connector - close - 138 - Modbus Connector has been stopped
2025-07-04 11:51:56.840 - |INFO| - [modbus_connector.py] - modbus_connector - __init__ - 99 - Starting Modbus Connector...
2025-07-04 11:51:57.112 - |INFO| - [slave.py] - slave - connect - 209 - Connected to raw_mau
2025-07-04 11:53:55.877 - |INFO| - [modbus_connector.py] - modbus_connector - close - 138 - Modbus Connector has been stopped
2025-07-04 11:53:59.819 - |INFO| - [modbus_connector.py] - modbus_connector - __init__ - 99 - Starting Modbus Connector...
2025-07-04 11:54:00.121 - |INFO| - [slave.py] - slave - connect - 209 - Connected to raw_mau
2025-07-04 11:54:38.530 - |INFO| - [modbus_connector.py] - modbus_connector - close - 138 - Modbus Connector has been stopped
2025-07-04 11:54:47.940 - |INFO| - [modbus_connector.py] - modbus_connector - __init__ - 99 - Starting Modbus Connector...
2025-07-04 11:54:48.224 - |INFO| - [slave.py] - slave - connect - 209 - Connected to raw_mau
2025-07-04 11:56:05.108 - |INFO| - [modbus_connector.py] - modbus_connector - close - 138 - Modbus Connector has been stopped
2025-07-04 11:56:09.627 - |INFO| - [modbus_connector.py] - modbus_connector - __init__ - 99 - Starting Modbus Connector...
2025-07-04 11:56:09.931 - |INFO| - [slave.py] - slave - connect - 209 - Connected to raw_mau
2025-07-04 12:24:57.478 - |INFO| - [slave.py] - slave - connect - 209 - Connected to raw_mau
2025-07-04 12:25:00.830 - |ERROR| - [modbus_connector.py] - modbus_connector - __poll_device - 259 - Failed to connect to device raw_mau
2025-07-04 13:01:20.370 - |ERROR| - [modbus_connector.py] - modbus_connector - __read_slave_data - 281 - Timeout error for device raw_mau function code 3 address 0, it may be caused by wrong data in server register.
2025-07-04 13:01:27.940 - |INFO| - [slave.py] - slave - connect - 209 - Connected to raw_mau
2025-07-04 13:01:32.695 - |ERROR| - [modbus_connector.py] - modbus_connector - __poll_device - 259 - Failed to connect to device raw_mau
2025-07-04 13:16:03.188 - |INFO| - [modbus_connector.py] - modbus_connector - close - 138 - Modbus Connector has been stopped
2025-07-04 13:17:52.608 - |INFO| - [modbus_connector.py] - modbus_connector - __init__ - 99 - Starting Modbus Connector...
2025-07-04 13:17:52.878 - |INFO| - [slave.py] - slave - connect - 209 - Connected to RawMAUData
2025-07-04 13:19:34.975 - |INFO| - [modbus_connector.py] - modbus_connector - close - 138 - Modbus Connector has been stopped
2025-07-04 13:19:40.274 - |INFO| - [modbus_connector.py] - modbus_connector - __init__ - 99 - Starting Modbus Connector...
2025-07-04 13:19:40.539 - |INFO| - [slave.py] - slave - connect - 209 - Connected to RawMAUData
2025-07-04 13:20:30.384 - |INFO| - [modbus_connector.py] - modbus_connector - close - 138 - Modbus Connector has been stopped
2025-07-04 13:20:38.947 - |INFO| - [modbus_connector.py] - modbus_connector - __init__ - 99 - Starting Modbus Connector...
2025-07-04 13:20:39.227 - |INFO| - [slave.py] - slave - connect - 209 - Connected to RawMAUData
2025-07-04 13:37:35.415 - |INFO| - [modbus_connector.py] - modbus_connector - close - 138 - Modbus Connector has been stopped
2025-07-04 13:37:40.432 - |INFO| - [modbus_connector.py] - modbus_connector - __init__ - 99 - Starting Modbus Connector...
2025-07-04 13:37:40.787 - |INFO| - [slave.py] - slave - connect - 209 - Connected to RawMAUData
2025-07-04 13:38:54.832 - |INFO| - [modbus_connector.py] - modbus_connector - close - 138 - Modbus Connector has been stopped
2025-07-04 13:38:59.448 - |INFO| - [modbus_connector.py] - modbus_connector - __init__ - 99 - Starting Modbus Connector...
2025-07-04 13:38:59.709 - |INFO| - [slave.py] - slave - connect - 209 - Connected to RawMAUData
2025-07-04 13:39:15.203 - |INFO| - [modbus_connector.py] - modbus_connector - close - 138 - Modbus Connector has been stopped
2025-07-04 13:39:19.707 - |INFO| - [modbus_connector.py] - modbus_connector - __init__ - 99 - Starting Modbus Connector...
2025-07-04 13:39:19.985 - |INFO| - [slave.py] - slave - connect - 209 - Connected to RawMAUData
2025-07-04 14:50:49.619 - |INFO| - [slave.py] - slave - connect - 209 - Connected to RawMAUData
2025-07-04 15:53:39.917 - |INFO| - [slave.py] - slave - connect - 209 - Connected to RawMAUData
2025-07-04 18:12:05.360 - |ERROR| - [modbus_connector.py] - modbus_connector - __poll_device - 265 - Failed to poll RawMAUData device: [WinError 1232] The network location cannot be reached. For information about network troubleshooting, see Windows Help
2025-07-04 18:12:05.661 - |INFO| - [slave.py] - slave - connect - 209 - Connected to RawMAUData
2025-07-04 21:12:46.206 - |INFO| - [slave.py] - slave - connect - 209 - Connected to RawMAUData
2025-07-05 03:48:47.098 - |ERROR| - [modbus_connector.py] - modbus_connector - __poll_device - 254 - Device RawMAUData is not connected, cannot connect to server, skipping reading...
2025-07-05 03:48:47.098 - |ERROR| - [modbus_connector.py] - modbus_connector - __poll_device - 254 - Device RawMAUData is not connected, cannot connect to server, skipping reading...
2025-07-05 03:48:47.098 - |ERROR| - [modbus_connector.py] - modbus_connector - __poll_device - 254 - Device RawMAUData is not connected, cannot connect to server, skipping reading...
2025-07-05 03:48:47.098 - |ERROR| - [modbus_connector.py] - modbus_connector - __poll_device - 254 - Device RawMAUData is not connected, cannot connect to server, skipping reading...
2025-07-05 03:48:47.362 - |INFO| - [slave.py] - slave - connect - 209 - Connected to RawMAUData
2025-07-05 03:48:52.106 - |ERROR| - [modbus_connector.py] - modbus_connector - __poll_device - 259 - Failed to connect to device RawMAUData
2025-07-06 11:50:46.920 - |ERROR| - [modbus_connector.py] - modbus_connector - __poll_device - 265 - Failed to poll RawMAUData device: [WinError 1232] The network location cannot be reached. For information about network troubleshooting, see Windows Help
2025-07-06 11:50:47.212 - |INFO| - [slave.py] - slave - connect - 209 - Connected to RawMAUData
2025-07-06 11:54:59.302 - |INFO| - [modbus_connector.py] - modbus_connector - close - 138 - Modbus Connector has been stopped
2025-07-06 11:56:29.746 - |INFO| - [modbus_connector.py] - modbus_connector - __init__ - 99 - Starting Modbus Connector...
2025-07-06 11:56:30.023 - |INFO| - [slave.py] - slave - connect - 209 - Connected to RawMAUData
2025-07-06 12:10:31.306 - |INFO| - [modbus_connector.py] - modbus_connector - close - 138 - Modbus Connector has been stopped
2025-07-06 12:10:42.063 - |INFO| - [modbus_connector.py] - modbus_connector - __init__ - 99 - Starting Modbus Connector...
2025-07-06 12:10:42.332 - |INFO| - [slave.py] - slave - connect - 209 - Connected to RawMAUData
2025-07-06 12:20:07.682 - |INFO| - [modbus_connector.py] - modbus_connector - close - 138 - Modbus Connector has been stopped
2025-07-06 12:20:14.452 - |INFO| - [modbus_connector.py] - modbus_connector - __init__ - 99 - Starting Modbus Connector...
2025-07-06 12:20:14.775 - |INFO| - [slave.py] - slave - connect - 209 - Connected to RawMAUData
2025-07-06 12:21:32.052 - |INFO| - [modbus_connector.py] - modbus_connector - close - 138 - Modbus Connector has been stopped
2025-07-06 12:22:02.199 - |INFO| - [modbus_connector.py] - modbus_connector - __init__ - 99 - Starting Modbus Connector...
2025-07-06 12:22:02.565 - |INFO| - [slave.py] - slave - connect - 209 - Connected to RawMAUData
2025-07-06 12:22:25.267 - |INFO| - [modbus_connector.py] - modbus_connector - close - 138 - Modbus Connector has been stopped
2025-07-06 12:22:31.521 - |INFO| - [modbus_connector.py] - modbus_connector - __init__ - 99 - Starting Modbus Connector...
2025-07-06 12:22:31.808 - |INFO| - [slave.py] - slave - connect - 209 - Connected to RawMAUData
2025-07-06 12:26:06.827 - |INFO| - [modbus_connector.py] - modbus_connector - close - 138 - Modbus Connector has been stopped
2025-07-06 12:26:13.356 - |INFO| - [modbus_connector.py] - modbus_connector - __init__ - 99 - Starting Modbus Connector...
2025-07-06 12:26:13.631 - |INFO| - [slave.py] - slave - connect - 209 - Connected to RawMAUData
2025-07-06 12:43:40.115 - |INFO| - [modbus_connector.py] - modbus_connector - close - 138 - Modbus Connector has been stopped
2025-07-06 12:44:01.164 - |INFO| - [modbus_connector.py] - modbus_connector - __init__ - 99 - Starting Modbus Connector...
2025-07-06 12:44:01.429 - |INFO| - [slave.py] - slave - connect - 209 - Connected to RawMAUData
2025-07-06 13:34:04.007 - |INFO| - [slave.py] - slave - connect - 209 - Connected to RawMAUData
2025-07-06 13:57:08.973 - |ERROR| - [modbus_connector.py] - modbus_connector - __poll_device - 254 - Device RawMAUData is not connected, cannot connect to server, skipping reading...
2025-07-06 14:02:03.226 - |ERROR| - [modbus_connector.py] - modbus_connector - __poll_device - 265 - Failed to poll RawMAUData device: [WinError 121] The semaphore timeout period has expired
2025-07-06 14:02:03.242 - |ERROR| - [modbus_connector.py] - modbus_connector - __poll_device - 254 - Device RawMAUData is not connected, cannot connect to server, skipping reading...
2025-07-06 14:02:03.242 - |ERROR| - [modbus_connector.py] - modbus_connector - __poll_device - 254 - Device RawMAUData is not connected, cannot connect to server, skipping reading...
2025-07-06 14:02:03.242 - |ERROR| - [modbus_connector.py] - modbus_connector - __poll_device - 254 - Device RawMAUData is not connected, cannot connect to server, skipping reading...
2025-07-06 14:02:03.242 - |ERROR| - [modbus_connector.py] - modbus_connector - __poll_device - 254 - Device RawMAUData is not connected, cannot connect to server, skipping reading...
2025-07-06 14:02:03.274 - |ERROR| - [modbus_connector.py] - modbus_connector - __poll_device - 254 - Device RawMAUData is not connected, cannot connect to server, skipping reading...
2025-07-06 14:02:03.275 - |ERROR| - [modbus_connector.py] - modbus_connector - __poll_device - 254 - Device RawMAUData is not connected, cannot connect to server, skipping reading...
2025-07-06 14:02:03.275 - |ERROR| - [modbus_connector.py] - modbus_connector - __poll_device - 254 - Device RawMAUData is not connected, cannot connect to server, skipping reading...
2025-07-06 14:02:03.275 - |ERROR| - [modbus_connector.py] - modbus_connector - __poll_device - 254 - Device RawMAUData is not connected, cannot connect to server, skipping reading...
2025-07-06 14:02:03.275 - |ERROR| - [modbus_connector.py] - modbus_connector - __poll_device - 254 - Device RawMAUData is not connected, cannot connect to server, skipping reading...
2025-07-06 14:02:03.275 - |ERROR| - [modbus_connector.py] - modbus_connector - __poll_device - 254 - Device RawMAUData is not connected, cannot connect to server, skipping reading...
2025-07-06 14:02:03.281 - |ERROR| - [modbus_connector.py] - modbus_connector - __poll_device - 254 - Device RawMAUData is not connected, cannot connect to server, skipping reading...
2025-07-06 14:02:03.281 - |ERROR| - [modbus_connector.py] - modbus_connector - __poll_device - 254 - Device RawMAUData is not connected, cannot connect to server, skipping reading...
2025-07-06 14:02:03.281 - |ERROR| - [modbus_connector.py] - modbus_connector - __poll_device - 254 - Device RawMAUData is not connected, cannot connect to server, skipping reading...
2025-07-06 14:02:03.283 - |ERROR| - [modbus_connector.py] - modbus_connector - __poll_device - 254 - Device RawMAUData is not connected, cannot connect to server, skipping reading...
2025-07-06 14:02:03.283 - |ERROR| - [modbus_connector.py] - modbus_connector - __poll_device - 254 - Device RawMAUData is not connected, cannot connect to server, skipping reading...
2025-07-06 14:02:03.283 - |ERROR| - [modbus_connector.py] - modbus_connector - __poll_device - 254 - Device RawMAUData is not connected, cannot connect to server, skipping reading...
2025-07-06 14:02:03.283 - |ERROR| - [modbus_connector.py] - modbus_connector - __poll_device - 254 - Device RawMAUData is not connected, cannot connect to server, skipping reading...
2025-07-06 14:02:03.283 - |ERROR| - [modbus_connector.py] - modbus_connector - __poll_device - 254 - Device RawMAUData is not connected, cannot connect to server, skipping reading...
2025-07-06 14:02:03.285 - |ERROR| - [modbus_connector.py] - modbus_connector - __poll_device - 254 - Device RawMAUData is not connected, cannot connect to server, skipping reading...
2025-07-06 14:02:03.285 - |ERROR| - [modbus_connector.py] - modbus_connector - __poll_device - 254 - Device RawMAUData is not connected, cannot connect to server, skipping reading...
2025-07-06 14:02:03.285 - |ERROR| - [modbus_connector.py] - modbus_connector - __poll_device - 254 - Device RawMAUData is not connected, cannot connect to server, skipping reading...
2025-07-06 14:02:03.285 - |ERROR| - [modbus_connector.py] - modbus_connector - __poll_device - 254 - Device RawMAUData is not connected, cannot connect to server, skipping reading...
2025-07-06 14:02:03.285 - |ERROR| - [modbus_connector.py] - modbus_connector - __poll_device - 254 - Device RawMAUData is not connected, cannot connect to server, skipping reading...
2025-07-06 14:02:03.285 - |ERROR| - [modbus_connector.py] - modbus_connector - __poll_device - 254 - Device RawMAUData is not connected, cannot connect to server, skipping reading...
2025-07-06 14:02:03.285 - |ERROR| - [modbus_connector.py] - modbus_connector - __poll_device - 254 - Device RawMAUData is not connected, cannot connect to server, skipping reading...
2025-07-06 14:02:03.285 - |ERROR| - [modbus_connector.py] - modbus_connector - __poll_device - 254 - Device RawMAUData is not connected, cannot connect to server, skipping reading...
2025-07-06 14:02:03.287 - |ERROR| - [modbus_connector.py] - modbus_connector - __poll_device - 254 - Device RawMAUData is not connected, cannot connect to server, skipping reading...
2025-07-06 14:02:03.287 - |ERROR| - [modbus_connector.py] - modbus_connector - __poll_device - 254 - Device RawMAUData is not connected, cannot connect to server, skipping reading...
2025-07-06 14:02:03.287 - |ERROR| - [modbus_connector.py] - modbus_connector - __poll_device - 254 - Device RawMAUData is not connected, cannot connect to server, skipping reading...
2025-07-06 14:02:03.287 - |ERROR| - [modbus_connector.py] - modbus_connector - __poll_device - 254 - Device RawMAUData is not connected, cannot connect to server, skipping reading...
2025-07-06 14:02:03.287 - |ERROR| - [modbus_connector.py] - modbus_connector - __poll_device - 254 - Device RawMAUData is not connected, cannot connect to server, skipping reading...
2025-07-06 14:02:03.287 - |ERROR| - [modbus_connector.py] - modbus_connector - __poll_device - 254 - Device RawMAUData is not connected, cannot connect to server, skipping reading...
2025-07-06 14:02:03.287 - |ERROR| - [modbus_connector.py] - modbus_connector - __poll_device - 254 - Device RawMAUData is not connected, cannot connect to server, skipping reading...
2025-07-06 14:02:03.287 - |ERROR| - [modbus_connector.py] - modbus_connector - __poll_device - 254 - Device RawMAUData is not connected, cannot connect to server, skipping reading...
2025-07-06 14:02:03.287 - |ERROR| - [modbus_connector.py] - modbus_connector - __poll_device - 254 - Device RawMAUData is not connected, cannot connect to server, skipping reading...
2025-07-06 14:02:03.289 - |ERROR| - [modbus_connector.py] - modbus_connector - __poll_device - 254 - Device RawMAUData is not connected, cannot connect to server, skipping reading...
2025-07-06 14:02:03.289 - |ERROR| - [modbus_connector.py] - modbus_connector - __poll_device - 254 - Device RawMAUData is not connected, cannot connect to server, skipping reading...
2025-07-06 14:02:03.289 - |ERROR| - [modbus_connector.py] - modbus_connector - __poll_device - 254 - Device RawMAUData is not connected, cannot connect to server, skipping reading...
2025-07-06 14:02:03.289 - |ERROR| - [modbus_connector.py] - modbus_connector - __poll_device - 254 - Device RawMAUData is not connected, cannot connect to server, skipping reading...
2025-07-06 14:02:03.290 - |ERROR| - [modbus_connector.py] - modbus_connector - __poll_device - 254 - Device RawMAUData is not connected, cannot connect to server, skipping reading...
2025-07-06 14:02:03.291 - |ERROR| - [modbus_connector.py] - modbus_connector - __poll_device - 254 - Device RawMAUData is not connected, cannot connect to server, skipping reading...
2025-07-06 14:02:03.291 - |ERROR| - [modbus_connector.py] - modbus_connector - __poll_device - 254 - Device RawMAUData is not connected, cannot connect to server, skipping reading...
2025-07-06 14:02:03.291 - |ERROR| - [modbus_connector.py] - modbus_connector - __poll_device - 254 - Device RawMAUData is not connected, cannot connect to server, skipping reading...
2025-07-06 14:02:03.291 - |ERROR| - [modbus_connector.py] - modbus_connector - __poll_device - 254 - Device RawMAUData is not connected, cannot connect to server, skipping reading...
2025-07-06 14:02:03.291 - |ERROR| - [modbus_connector.py] - modbus_connector - __poll_device - 254 - Device RawMAUData is not connected, cannot connect to server, skipping reading...
2025-07-06 14:02:03.291 - |ERROR| - [modbus_connector.py] - modbus_connector - __poll_device - 254 - Device RawMAUData is not connected, cannot connect to server, skipping reading...
2025-07-06 14:02:03.291 - |ERROR| - [modbus_connector.py] - modbus_connector - __poll_device - 254 - Device RawMAUData is not connected, cannot connect to server, skipping reading...
2025-07-06 14:02:03.293 - |ERROR| - [modbus_connector.py] - modbus_connector - __poll_device - 254 - Device RawMAUData is not connected, cannot connect to server, skipping reading...
2025-07-06 14:02:03.293 - |ERROR| - [modbus_connector.py] - modbus_connector - __poll_device - 254 - Device RawMAUData is not connected, cannot connect to server, skipping reading...
2025-07-06 14:02:03.293 - |ERROR| - [modbus_connector.py] - modbus_connector - __poll_device - 254 - Device RawMAUData is not connected, cannot connect to server, skipping reading...
2025-07-06 14:02:03.293 - |ERROR| - [modbus_connector.py] - modbus_connector - __poll_device - 254 - Device RawMAUData is not connected, cannot connect to server, skipping reading...
2025-07-06 14:02:03.293 - |ERROR| - [modbus_connector.py] - modbus_connector - __poll_device - 254 - Device RawMAUData is not connected, cannot connect to server, skipping reading...
2025-07-06 14:02:03.293 - |ERROR| - [modbus_connector.py] - modbus_connector - __poll_device - 254 - Device RawMAUData is not connected, cannot connect to server, skipping reading...
2025-07-06 14:02:03.293 - |ERROR| - [modbus_connector.py] - modbus_connector - __poll_device - 254 - Device RawMAUData is not connected, cannot connect to server, skipping reading...
2025-07-06 14:02:03.293 - |ERROR| - [modbus_connector.py] - modbus_connector - __poll_device - 254 - Device RawMAUData is not connected, cannot connect to server, skipping reading...
2025-07-06 14:02:03.295 - |ERROR| - [modbus_connector.py] - modbus_connector - __poll_device - 254 - Device RawMAUData is not connected, cannot connect to server, skipping reading...
2025-07-06 14:02:03.295 - |ERROR| - [modbus_connector.py] - modbus_connector - __poll_device - 254 - Device RawMAUData is not connected, cannot connect to server, skipping reading...
2025-07-06 14:02:03.564 - |INFO| - [slave.py] - slave - connect - 209 - Connected to RawMAUData
2025-07-06 14:53:28.734 - |INFO| - [slave.py] - slave - connect - 209 - Connected to RawMAUData
2025-07-06 15:08:35.778 - |INFO| - [modbus_connector.py] - modbus_connector - close - 138 - Modbus Connector has been stopped
2025-07-06 15:08:47.626 - |INFO| - [modbus_connector.py] - modbus_connector - __init__ - 99 - Starting Modbus Connector...
2025-07-06 15:08:47.980 - |INFO| - [slave.py] - slave - connect - 209 - Connected to RawMAUData
2025-07-06 16:07:02.032 - |ERROR| - [modbus_connector.py] - modbus_connector - __read_slave_data - 281 - Timeout error for device RawMAUData function code 3 address 0, it may be caused by wrong data in server register.
2025-07-06 16:07:09.307 - |INFO| - [slave.py] - slave - connect - 209 - Connected to RawMAUData
2025-07-06 16:07:09.576 - |ERROR| - [modbus_connector.py] - modbus_connector - __poll_device - 259 - Failed to connect to device RawMAUData
2025-07-06 16:07:09.576 - |ERROR| - [modbus_connector.py] - modbus_connector - __poll_device - 259 - Failed to connect to device RawMAUData
2025-07-06 16:12:17.683 - |ERROR| - [modbus_connector.py] - modbus_connector - __read_slave_data - 281 - Timeout error for device RawMAUData function code 3 address 0, it may be caused by wrong data in server register.
2025-07-06 16:12:20.704 - |ERROR| - [modbus_connector.py] - modbus_connector - __read_slave_data - 281 - Timeout error for device RawMAUData function code 3 address 0, it may be caused by wrong data in server register.
2025-07-06 16:12:22.619 - |ERROR| - [modbus_connector.py] - modbus_connector - __read_slave_data - 281 - Timeout error for device RawMAUData function code 3 address 0, it may be caused by wrong data in server register.
2025-07-06 16:12:23.717 - |ERROR| - [modbus_connector.py] - modbus_connector - __read_slave_data - 281 - Timeout error for device RawMAUData function code 3 address 0, it may be caused by wrong data in server register.
2025-07-06 16:12:29.970 - |INFO| - [slave.py] - slave - connect - 209 - Connected to RawMAUData
2025-07-06 16:12:30.078 - |ERROR| - [modbus_connector.py] - modbus_connector - __poll_device - 259 - Failed to connect to device RawMAUData
2025-07-06 16:12:30.079 - |ERROR| - [modbus_connector.py] - modbus_connector - __poll_device - 259 - Failed to connect to device RawMAUData
2025-07-06 16:12:30.079 - |ERROR| - [modbus_connector.py] - modbus_connector - __poll_device - 259 - Failed to connect to device RawMAUData
2025-07-07 00:05:16.823 - |ERROR| - [modbus_connector.py] - modbus_connector - __poll_device - 265 - Failed to poll RawMAUData device: [WinError 1231] The network location cannot be reached. For information about network troubleshooting, see Windows Help
2025-07-07 00:05:16.825 - |ERROR| - [modbus_connector.py] - modbus_connector - __poll_device - 254 - Device RawMAUData is not connected, cannot connect to server, skipping reading...
2025-07-07 00:05:16.825 - |ERROR| - [modbus_connector.py] - modbus_connector - __poll_device - 254 - Device RawMAUData is not connected, cannot connect to server, skipping reading...
2025-07-07 00:05:16.825 - |ERROR| - [modbus_connector.py] - modbus_connector - __poll_device - 254 - Device RawMAUData is not connected, cannot connect to server, skipping reading...
2025-07-07 00:05:16.825 - |ERROR| - [modbus_connector.py] - modbus_connector - __poll_device - 254 - Device RawMAUData is not connected, cannot connect to server, skipping reading...
2025-07-07 00:05:17.112 - |INFO| - [slave.py] - slave - connect - 209 - Connected to RawMAUData
2025-07-07 08:15:37.833 - |INFO| - [slave.py] - slave - connect - 209 - Connected to RawMAUData
2025-07-07 08:15:41.576 - |ERROR| - [modbus_connector.py] - modbus_connector - __poll_device - 259 - Failed to connect to device RawMAUData
2025-07-07 08:30:53.484 - |INFO| - [modbus_connector.py] - modbus_connector - close - 138 - Modbus Connector has been stopped
2025-07-07 08:31:04.241 - |INFO| - [modbus_connector.py] - modbus_connector - __init__ - 99 - Starting Modbus Connector...
2025-07-07 08:31:04.516 - |INFO| - [slave.py] - slave - connect - 209 - Connected to RawMAUData
2025-07-07 08:31:27.195 - |INFO| - [modbus_connector.py] - modbus_connector - close - 138 - Modbus Connector has been stopped
2025-07-07 08:31:32.489 - |INFO| - [modbus_connector.py] - modbus_connector - __init__ - 99 - Starting Modbus Connector...
2025-07-07 08:31:32.765 - |INFO| - [slave.py] - slave - connect - 209 - Connected to RawMAUData
2025-07-07 08:31:39.994 - |INFO| - [modbus_connector.py] - modbus_connector - close - 138 - Modbus Connector has been stopped
2025-07-07 09:00:13.174 - |INFO| - [modbus_connector.py] - modbus_connector - __init__ - 99 - Starting Modbus Connector...
2025-07-07 09:00:13.460 - |INFO| - [slave.py] - slave - connect - 209 - Connected to RawMAUData
2025-07-07 10:02:52.758 - |INFO| - [slave.py] - slave - connect - 209 - Connected to RawMAUData
2025-07-07 10:02:53.552 - |ERROR| - [modbus_connector.py] - modbus_connector - __poll_device - 259 - Failed to connect to device RawMAUData
2025-07-07 10:12:17.127 - |ERROR| - [modbus_connector.py] - modbus_connector - __poll_device - 254 - Device RawMAUData is not connected, cannot connect to server, skipping reading...
2025-07-07 10:12:17.555 - |ERROR| - [modbus_connector.py] - modbus_connector - __poll_device - 259 - Failed to connect to device RawMAUData
2025-07-07 10:12:22.422 - |INFO| - [slave.py] - slave - connect - 209 - Connected to RawMAUData
2025-07-07 10:58:29.929 - |INFO| - [slave.py] - slave - connect - 209 - Connected to RawMAUData
2025-07-07 11:18:59.912 - |INFO| - [modbus_connector.py] - modbus_connector - close - 138 - Modbus Connector has been stopped
