Number of accepted mapping handlers: 3
Plant Weather Stations connected to 10.10.10.92:1883 - successfully.
Connector "Plant Weather Stations" subscribe to cpv1/ws1/#
Connector "Plant Weather Stations" subscribe to cpv1/ws2/#
Connector "Plant Weather Stations" subscribe to cpv1/ws3/#
()
"Plant Weather Stations" subscription success to topic cpv1/ws1/#, subscription message id = 1
()
"Plant Weather Stations" subscription success to topic cpv1/ws2/#, subscription message id = 2
()
"Plant Weather Stations" subscription success to topic cpv1/ws3/#, subscription message id = 3
Plant Weather Stations has been stopped.
Number of accepted mapping handlers: 3
Plant Weather Stations connected to 10.10.10.92:1883 - successfully.
Connector "Plant Weather Stations" subscribe to cpv1/ws1/#
Connector "Plant Weather Stations" subscribe to cpv1/ws2/#
Connector "Plant Weather Stations" subscribe to cpv1/ws3/#
()
"Plant Weather Stations" subscription success to topic cpv1/ws1/#, subscription message id = 1
()
"Plant Weather Stations" subscription success to topic cpv1/ws2/#, subscription message id = 2
()
"Plant Weather Stations" subscription success to topic cpv1/ws3/#, subscription message id = 3
Plant Weather Stations has been stopped.
Number of accepted mapping handlers: 3
Plant Weather Stations connected to 10.10.10.92:1883 - successfully.
Connector "Plant Weather Stations" subscribe to cpv1/ws1/#
Connector "Plant Weather Stations" subscribe to cpv1/ws2/#
Connector "Plant Weather Stations" subscribe to cpv1/ws3/#
()
"Plant Weather Stations" subscription success to topic cpv1/ws1/#, subscription message id = 1
()
"Plant Weather Stations" subscription success to topic cpv1/ws2/#, subscription message id = 2
()
"Plant Weather Stations" subscription success to topic cpv1/ws3/#, subscription message id = 3
Plant Weather Stations has been stopped.
Number of accepted mapping handlers: 3
Plant Weather Stations connected to 10.10.10.92:1883 - successfully.
Connector "Plant Weather Stations" subscribe to cpv1/ws1/#
Connector "Plant Weather Stations" subscribe to cpv1/ws2/#
Connector "Plant Weather Stations" subscribe to cpv1/ws3/#
()
"Plant Weather Stations" subscription success to topic cpv1/ws1/#, subscription message id = 1
()
"Plant Weather Stations" subscription success to topic cpv1/ws2/#, subscription message id = 2
()
"Plant Weather Stations" subscription success to topic cpv1/ws3/#, subscription message id = 3
Plant Weather Stations has been stopped.
